// Jest Snapshot v1, https://goo.gl/fbAQLP

exports[`<CameraCountdownModal /> Renderiza correctamente 1`] = `
<View
  style={
    [
      {
        "alignItems": "center",
        "backgroundColor": "rgba(0,0,0,0.7)",
        "bottom": 0,
        "display": "flex",
        "justifyContent": "center",
        "left": 0,
        "position": "absolute",
        "right": 0,
        "top": 0,
      },
      undefined,
    ]
  }
>
  <Modal
    animationType="fade"
    hardwareAccelerated={false}
    transparent={true}
    visible={true}
  >
    <View
      style={
        {
          "alignItems": "center",
          "flex": 1,
          "justifyContent": "center",
        }
      }
      testID="CameraCountdownModal"
    >
      <Text
        style={
          {
            "color": "#C74F14",
            "fontSize": 80,
            "fontWeight": "bold",
          }
        }
      >
        3
      </Text>
    </View>
  </Modal>
</View>
`;
